I'm sorry, but errors were detected in your script. Please correct the
errors listed below, and try again.


File "game/script.rpy", line 175: expected statement.
    at left 
    ^

Ren'Py Version: Ren'Py 8.2.1.24030407
Wed Jul 17 16:51:37 2024
